// Jest Snapshot v1, https://goo.gl/fbAQLP

exports[`renders homepage unchanged 1`] = `
<div>
  <div
    class="min-h-full"
  >
    <nav
      class="bg-gray-800"
      data-headlessui-state=""
    >
      <div
        class="mx-auto max-w-7xl px-4 sm:px-6 lg:px-8"
      >
        <div
          class="flex h-16 items-center justify-between"
        >
          <div
            class="flex items-center"
          >
            <div
              class="flex-shrink-0"
            >
              <img
                alt="Your Company"
                class="h-8 w-8"
                src="https://tailwindui.com/img/logos/mark.svg?color=indigo&shade=500"
              />
            </div>
          </div>
        </div>
      </div>
    </nav>
    <header
      class="bg-white shadow"
    >
      <div
        class="mx-auto max-w-7xl px-4 py-6 sm:px-6 lg:px-8"
      >
        <h1
          class="text-3xl font-bold tracking-tight text-gray-900"
        >
          Formulario de registro
        </h1>
      </div>
    </header>
    <main>
      <div
        class=" mx-auto p-2 max-w-7xl py-6 sm:px-6 lg:px-8"
      >
        <form
          class="h-dvh"
        >
          <div
            class="space-y-12"
          >
            <div
              class="border-b border-gray-900/10 pb-12"
            >
              <h2
                class="text-2xl font-extrabold dark:text-white"
              >
                Información personal
              </h2>
              <p
                class="mt-1 text-sm leading-6 text-gray-600"
              >
                Por favor completa los siguientes campos.
              </p>
              <div
                class="mt-10 grid grid-cols-1 gap-x-6 gap-y-8 sm:grid-cols-6"
              >
                <div
                  class="sm:col-span-4"
                  data-headlessui-state=""
                >
                  <label
                    class="block text-sm font-medium leading-6 text-gray-900"
                    data-headlessui-state=""
                    for="fullName"
                    id="headlessui-label-:r1:"
                  >
                    Nombre completo
                  </label>
                  <div
                    class="mt-2"
                  >
                    <input
                      aria-labelledby="headlessui-label-:r1:"
                      class="block w-full rounded-md py-1.5 text-gray-900 placeholder:text-gray-400 focus:ring-2 focus:ring-inset focus:ring-indigo-600 sm:text-sm sm:leading-6 invalid:[&:not(:placeholder-shown):not(:focus)]:border-red-500"
                      data-headlessui-state=""
                      id="fullName"
                      name="fullName"
                      pattern="[a-zA-ZáéíóúÁÉÍÓÚüÜñÑ]+ [a-zA-ZáéíóúÁÉÍÓÚüÜñÑ]+$"
                      required=""
                      type="text"
                    />
                  </div>
                  <div
                    hidden=""
                    style="position: fixed; top: 1px; left: 1px; width: 1px; height: 0px; padding: 0px; margin: -1px; overflow: hidden; clip: rect(0px, 0px, 0px, 0px); white-space: nowrap; border-width: 0px; display: none;"
                  />
                </div>
                <div
                  class="sm:col-span-4"
                  data-headlessui-state=""
                >
                  <label
                    class="block text-sm font-medium leading-6 text-gray-900"
                    data-headlessui-state=""
                    for="email"
                    id="headlessui-label-:r4:"
                  >
                    Correo electronico
                  </label>
                  <div
                    class="mt-2"
                  >
                    <input
                      aria-labelledby="headlessui-label-:r4:"
                      class="block w-full rounded-md py-1.5 text-gray-900 placeholder:text-gray-400 focus:ring-2 focus:ring-inset focus:ring-indigo-600 sm:text-sm sm:leading-6 invalid:[&:not(:placeholder-shown):not(:focus)]:border-red-500"
                      data-headlessui-state=""
                      id="email"
                      name="email"
                      required=""
                      type="email"
                    />
                  </div>
                  <div
                    hidden=""
                    style="position: fixed; top: 1px; left: 1px; width: 1px; height: 0px; padding: 0px; margin: -1px; overflow: hidden; clip: rect(0px, 0px, 0px, 0px); white-space: nowrap; border-width: 0px; display: none;"
                  />
                </div>
                <div
                  class="sm:col-span-4"
                  data-headlessui-state=""
                >
                  <label
                    class="block text-sm font-medium leading-6 text-gray-900"
                    data-headlessui-state=""
                    for="phoneNumber"
                    id="headlessui-label-:r7:"
                  >
                    Teléfono
                  </label>
                  <div
                    class="mt-2"
                  >
                    <input
                      aria-labelledby="headlessui-label-:r7:"
                      class="block w-full rounded-md py-1.5 text-gray-900 placeholder:text-gray-400 focus:ring-2 focus:ring-inset focus:ring-indigo-600 sm:text-sm sm:leading-6 invalid:[&:not(:placeholder-shown):not(:focus)]:border-red-500"
                      data-headlessui-state=""
                      id="phoneNumber"
                      name="phoneNumber"
                      pattern="[0-9]+$"
                      required=""
                      type="text"
                    />
                  </div>
                  <div
                    hidden=""
                    style="position: fixed; top: 1px; left: 1px; width: 1px; height: 0px; padding: 0px; margin: -1px; overflow: hidden; clip: rect(0px, 0px, 0px, 0px); white-space: nowrap; border-width: 0px; display: none;"
                  />
                </div>
              </div>
            </div>
          </div>
          <div
            class="mt-6 flex items-center justify-end gap-x-6"
          >
            <button
              class="'rounded-md bg-indigo-600 px-3 py-2 text-sm font-semibold text-white shadow-sm hover:bg-indigo-500 focus-visible:outline focus-visible:outline-2 focus-visible:outline-offset-2 focus-visible:outline-indigo-600'"
              data-disabled=""
              data-headlessui-state="disabled"
              disabled=""
              type="submit"
            >
              Continuar
            </button>
          </div>
        </form>
      </div>
    </main>
  </div>
</div>
`;
